../Drivers/STM32F3xx_HAL_Driver/Src/stm32f3xx_hal_comp.c:466:13:HAL_COMP_MspInit	0	static
../Drivers/STM32F3xx_HAL_Driver/Src/stm32f3xx_hal_comp.c:338:19:HAL_COMP_Init	24	static
../Drivers/STM32F3xx_HAL_Driver/Src/stm32f3xx_hal_comp.c:481:13:HAL_COMP_MspDeInit	0	static
../Drivers/STM32F3xx_HAL_Driver/Src/stm32f3xx_hal_comp.c:422:19:HAL_COMP_DeInit	16	static
../Drivers/STM32F3xx_HAL_Driver/Src/stm32f3xx_hal_comp.c:678:19:HAL_COMP_Start	20	static
../Drivers/STM32F3xx_HAL_Driver/Src/stm32f3xx_hal_comp.c:747:19:HAL_COMP_Stop	12	static
../Drivers/STM32F3xx_HAL_Driver/Src/stm32f3xx_hal_comp.c:785:19:HAL_COMP_Start_IT	20	static
../Drivers/STM32F3xx_HAL_Driver/Src/stm32f3xx_hal_comp.c:857:19:HAL_COMP_Stop_IT	4	static
../Drivers/STM32F3xx_HAL_Driver/Src/stm32f3xx_hal_comp.c:898:13:HAL_COMP_TriggerCallback	0	static
../Drivers/STM32F3xx_HAL_Driver/Src/stm32f3xx_hal_comp.c:874:6:HAL_COMP_IRQHandler	8	static
../Drivers/STM32F3xx_HAL_Driver/Src/stm32f3xx_hal_comp.c:932:19:HAL_COMP_Lock	0	static
../Drivers/STM32F3xx_HAL_Driver/Src/stm32f3xx_hal_comp.c:990:10:HAL_COMP_GetOutputLevel	0	static
../Drivers/STM32F3xx_HAL_Driver/Src/stm32f3xx_hal_comp.c:1029:23:HAL_COMP_GetState	0	static
../Drivers/STM32F3xx_HAL_Driver/Src/stm32f3xx_hal_comp.c:1049:10:HAL_COMP_GetError	0	static
