../Core/Src/ADS1115.c:120:13:prepareConfigFrame	8	static
../Core/Src/ADS1115.c:19:19:ADS1115_init	24	static
../Core/Src/ADS1115.c:27:6:ADS1115_deinit	0	static
../Core/Src/ADS1115.c:31:6:ADS1115_updateConfig	32	static
../Core/Src/ADS1115.c:40:6:ADS1115_updateI2Chandler	0	static
../Core/Src/ADS1115.c:44:6:ADS1115_updateAddress	0	static
../Core/Src/ADS1115.c:60:9:ADS1115_getData	32	static
../Core/Src/ADS1115.c:48:9:ADS1115_oneShotMeasure	24	static
../Core/Src/ADS1115.c:76:6:ADS1115_setThresholds	40	static
../Core/Src/ADS1115.c:92:6:ADS1115_flushData	0	static
../Core/Src/ADS1115.c:96:6:ADS1115_setConversionReadyPin	0	static
../Core/Src/ADS1115.c:100:6:ADS1115_startContinousMode	32	static
../Core/Src/ADS1115.c:111:6:ADS1115_stopContinousMode	32	static
