../Core/Src/stm32f3xx_hal_msp.c:65:6:HAL_MspInit	8	static
../Core/Src/stm32f3xx_hal_msp.c:87:6:HAL_COMP_MspInit	32	static
../Core/Src/stm32f3xx_hal_msp.c:118:6:HAL_COMP_MspDeInit	0	static
../Core/Src/stm32f3xx_hal_msp.c:144:6:HAL_DAC_MspInit	48	static
../Core/Src/stm32f3xx_hal_msp.c:199:6:HAL_DAC_MspDeInit	0	static
../Core/Src/stm32f3xx_hal_msp.c:245:6:HAL_I2C_MspInit	40	static
../Core/Src/stm32f3xx_hal_msp.c:281:6:HAL_I2C_MspDeInit	8	static
../Core/Src/stm32f3xx_hal_msp.c:312:6:HAL_TIM_Base_MspInit	16	static
../Core/Src/stm32f3xx_hal_msp.c:337:6:HAL_TIM_Base_MspDeInit	0	static
../Core/Src/stm32f3xx_hal_msp.c:362:6:HAL_UART_MspInit	48	static
../Core/Src/stm32f3xx_hal_msp.c:415:6:HAL_UART_MspDeInit	8	static
